main.c:74:6:UART_Begin	4	static
main.c:81:6:HAL_UART_RxCpltCallback	16	static
main.c:91:6:HAL_UART_TxCpltCallback	24	static
main.c:103:6:USART_Send	128	static,ignoring_inline_asm
main.c:136:9:USART_isEmptyRX	4	static
main.c:145:6:ramkaWysylanie	24	static
main.c:169:6:ramkaTest	120	static
main.c:177:6:HexUID	48	static
main.c:203:6:UID	24	static
main.c:218:6:flashSize	136	static
main.c:247:6:OTT	8	static
main.c:250:6:RTT	8	static
main.c:255:6:cmdInfo	8	static
main.c:260:6:command	8	static
main.c:288:5:main	8	static
main.c:385:6:SystemClock_Config	88	static
main.c:428:6:Error_Handler	4	static,ignoring_inline_asm
